xcodebuild: error: Unable to read project 'VirtualHumanMonitor.xcodeproj'.
